<html>
<body>
<pre>
<h1>µVision Build Log</h1>
<h2>Tool Versions:</h2>
IDE-Version: ¦ÌVision V5.38.0.0
Copyright (C) 2022 ARM Ltd and ARM Germany GmbH. All rights reserved.
License Information: a b, c, LIC=EXJT4-FJQEF-2ZFW4-F3Q33-Z5PIY-FJTVG
 
Tool Versions:
Toolchain:       MDK-ARM Plus  Version: 5.38.0.0
Toolchain Path:  E:\ProgramFile\MDK\core\ARM\ARMCC\Bin
C Compiler:      Armcc.exe V5.06 update 7 (build 960)
Assembler:       Armasm.exe V5.06 update 7 (build 960)
Linker/Locator:  ArmLink.exe V5.06 update 7 (build 960)
Library Manager: ArmAr.exe V5.06 update 7 (build 960)
Hex Converter:   FromElf.exe V5.06 update 7 (build 960)
CPU DLL:         SARMCM3.DLL V5.38.0.0
Dialog DLL:      DCM.DLL V1.17.5.0
Target DLL:      STLink\ST-LINKIII-KEIL_SWO.dll V3.1.0.0
Dialog DLL:      TCM.DLL V1.56.4.0
 
<h2>Project:</h2>
E:\ProgramFile\STM32\test_gpio\MDK-ARM\test_gpio.uvprojx
Project File Date:  07/13/2024

<h2>Output:</h2>
*** Using Compiler 'V5.06 update 7 (build 960)', folder: 'E:\ProgramFile\MDK\core\ARM\ARMCC\Bin'
Rebuild target 'test_gpio'
assembling startup_stm32f103xb.s...
compiling stm32f1xx_hal_tim_ex.c...
Warning: C4008W: splitting LDM/STM has no benefit
../Drivers/STM32F1xx_HAL_Driver/Src/stm32f1xx_hal_tim_ex.c: 1 warning, 0 errors
compiling stm32f1xx_hal_msp.c...
Warning: C4008W: splitting LDM/STM has no benefit
../Core/Src/stm32f1xx_hal_msp.c: 1 warning, 0 errors
compiling gpio.c...
Warning: C4008W: splitting LDM/STM has no benefit
../Core/Src/gpio.c: 1 warning, 0 errors
compiling stm32f1xx_hal_gpio_ex.c...
Warning: C4008W: splitting LDM/STM has no benefit
../Drivers/STM32F1xx_HAL_Driver/Src/stm32f1xx_hal_gpio_ex.c: 1 warning, 0 errors
compiling stm32f1xx_it.c...
Warning: C4008W: splitting LDM/STM has no benefit
../Core/Src/stm32f1xx_it.c: 1 warning, 0 errors
compiling stm32f1xx_hal.c...
Warning: C4008W: splitting LDM/STM has no benefit
../Drivers/STM32F1xx_HAL_Driver/Src/stm32f1xx_hal.c: 1 warning, 0 errors
compiling stm32f1xx_hal_gpio.c...
Warning: C4008W: splitting LDM/STM has no benefit
../Drivers/STM32F1xx_HAL_Driver/Src/stm32f1xx_hal_gpio.c: 1 warning, 0 errors
compiling stm32f1xx_hal_tim.c...
Warning: C4008W: splitting LDM/STM has no benefit
../Drivers/STM32F1xx_HAL_Driver/Src/stm32f1xx_hal_tim.c: 1 warning, 0 errors
compiling main.c...
Warning: C4008W: splitting LDM/STM has no benefit
../Core/Src/main.c: 1 warning, 0 errors
compiling stm32f1xx_hal_rcc_ex.c...
Warning: C4008W: splitting LDM/STM has no benefit
../Drivers/STM32F1xx_HAL_Driver/Src/stm32f1xx_hal_rcc_ex.c: 1 warning, 0 errors
compiling stm32f1xx_hal_rcc.c...
Warning: C4008W: splitting LDM/STM has no benefit
../Drivers/STM32F1xx_HAL_Driver/Src/stm32f1xx_hal_rcc.c: 1 warning, 0 errors
compiling stm32f1xx_hal_cortex.c...
Warning: C4008W: splitting LDM/STM has no benefit
../Drivers/STM32F1xx_HAL_Driver/Src/stm32f1xx_hal_cortex.c: 1 warning, 0 errors
compiling stm32f1xx_hal_dma.c...
Warning: C4008W: splitting LDM/STM has no benefit
../Drivers/STM32F1xx_HAL_Driver/Src/stm32f1xx_hal_dma.c: 1 warning, 0 errors
compiling stm32f1xx_hal_pwr.c...
Warning: C4008W: splitting LDM/STM has no benefit
../Drivers/STM32F1xx_HAL_Driver/Src/stm32f1xx_hal_pwr.c: 1 warning, 0 errors
compiling stm32f1xx_hal_flash.c...
Warning: C4008W: splitting LDM/STM has no benefit
../Drivers/STM32F1xx_HAL_Driver/Src/stm32f1xx_hal_flash.c: 1 warning, 0 errors
compiling system_stm32f1xx.c...
Warning: C4008W: splitting LDM/STM has no benefit
../Core/Src/system_stm32f1xx.c: 1 warning, 0 errors
compiling stm32f1xx_hal_exti.c...
Warning: C4008W: splitting LDM/STM has no benefit
../Drivers/STM32F1xx_HAL_Driver/Src/stm32f1xx_hal_exti.c: 1 warning, 0 errors
compiling stm32f1xx_hal_flash_ex.c...
Warning: C4008W: splitting LDM/STM has no benefit
../Drivers/STM32F1xx_HAL_Driver/Src/stm32f1xx_hal_flash_ex.c: 1 warning, 0 errors
linking...
Program Size: Code=3792 RO-data=312 RW-data=16 ZI-data=1632  
FromELF: creating hex file...
"test_gpio\test_gpio.axf" - 0 Error(s), 18 Warning(s).

<h2>Software Packages used:</h2>

Package Vendor: ARM
                http://www.keil.com/pack/ARM.CMSIS.5.9.0.pack
                ARM.CMSIS.5.9.0
                CMSIS (Common Microcontroller Software Interface Standard)
   * Component: CORE Version: 5.6.0

Package Vendor: Keil
                https://www.keil.com/pack/Keil.STM32F1xx_DFP.2.4.1.pack
                Keil.STM32F1xx_DFP.2.4.1
                STMicroelectronics STM32F1 Series Device Support, Drivers and Examples

<h2>Collection of Component include folders:</h2>
  ./RTE/_test_gpio
  E:/ProgramFile/MDK/pack/ARM/CMSIS/5.9.0/CMSIS/Core/Include
  E:/ProgramFile/MDK/pack/Keil/STM32F1xx_DFP/2.4.1/Device/Include

<h2>Collection of Component Files used:</h2>

   * Component: ARM::CMSIS:CORE:5.6.0
      Include file:  CMSIS/Core/Include/tz_context.h
Build Time Elapsed:  00:00:02
</pre>
</body>
</html>
